debconf: delaying package configuration, since apt-utils is not installed
Selecting previously unselected package perl-modules-5.36.
(Reading database ... 
(Reading database ... 5%
(Reading database ... 10%
(Reading database ... 15%
(Reading database ... 20%
(Reading database ... 25%
(Reading database ... 30%
(Reading database ... 35%
(Reading database ... 40%
(Reading database ... 45%
(Reading database ... 50%
(Reading database ... 55%
(Reading database ... 60%
(Reading database ... 65%
(Reading database ... 70%
(Reading database ... 75%
(Reading database ... 80%
(Reading database ... 85%
(Reading database ... 90%
(Reading database ... 95%
(Reading database ... 100%
(Reading database ... 6695 files and directories currently installed.)
Preparing to unpack .../00-perl-modules-5.36_5.36.0-7+deb12u3_all.deb ...
Unpacking perl-modules-5.36 (5.36.0-7+deb12u3) ...
Selecting previously unselected package libgdbm-compat4:amd64.
Preparing to unpack .../01-libgdbm-compat4_1.23-3_amd64.deb ...
Unpacking libgdbm-compat4:amd64 (1.23-3) ...
Selecting previously unselected package libperl5.36:amd64.
Preparing to unpack .../02-libperl5.36_5.36.0-7+deb12u3_amd64.deb ...
Unpacking libperl5.36:amd64 (5.36.0-7+deb12u3) ...
Selecting previously unselected package perl.
Preparing to unpack .../03-perl_5.36.0-7+deb12u3_amd64.deb ...
Unpacking perl (5.36.0-7+deb12u3) ...
Selecting previously unselected package less.
Preparing to unpack .../04-less_590-2.1~deb12u2_amd64.deb ...
Unpacking less (590-2.1~deb12u2) ...
Selecting previously unselected package libbsd0:amd64.
Preparing to unpack .../05-libbsd0_0.11.7-2_amd64.deb ...
Unpacking libbsd0:amd64 (0.11.7-2) ...
Selecting previously unselected package libedit2:amd64.
Preparing to unpack .../06-libedit2_3.1-20221030-2_amd64.deb ...
Unpacking libedit2:amd64 (3.1-20221030-2) ...
Selecting previously unselected package libcbor0.8:amd64.
Preparing to unpack .../07-libcbor0.8_0.8.0-2+b1_amd64.deb ...
Unpacking libcbor0.8:amd64 (0.8.0-2+b1) ...
Preparing to unpack .../08-libssl3_3.0.20-1~deb12u2_amd64.deb ...
Unpacking libssl3:amd64 (3.0.20-1~deb12u2) over (3.0.18-1~deb12u2) ...
Selecting previously unselected package libfido2-1:amd64.
Preparing to unpack .../09-libfido2-1_1.12.0-2+b1_amd64.deb ...
Unpacking libfido2-1:amd64 (1.12.0-2+b1) ...
Selecting previously unselected package openssh-client.
Preparing to unpack .../10-openssh-client_1%3a9.2p1-2+deb12u10_amd64.deb ...
Unpacking openssh-client (1:9.2p1-2+deb12u10) ...
Selecting previously unselected package libbrotli1:amd64.
Preparing to unpack .../11-libbrotli1_1.0.9-2+b6_amd64.deb ...
Unpacking libbrotli1:amd64 (1.0.9-2+b6) ...
Selecting previously unselected package libsasl2-modules-db:amd64.
Preparing to unpack .../12-libsasl2-modules-db_2.1.28+dfsg-10_amd64.deb ...
Unpacking libsasl2-modules-db:amd64 (2.1.28+dfsg-10) ...
Selecting previously unselected package libsasl2-2:amd64.
Preparing to unpack .../13-libsasl2-2_2.1.28+dfsg-10_amd64.deb ...
Unpacking libsasl2-2:amd64 (2.1.28+dfsg-10) ...
Selecting previously unselected package libldap-2.5-0:amd64.
Preparing to unpack .../14-libldap-2.5-0_2.5.13+dfsg-5_amd64.deb ...
Unpacking libldap-2.5-0:amd64 (2.5.13+dfsg-5) ...
Selecting previously unselected package libnghttp2-14:amd64.
Preparing to unpack .../15-libnghttp2-14_1.52.0-1+deb12u3_amd64.deb ...
Unpacking libnghttp2-14:amd64 (1.52.0-1+deb12u3) ...
Selecting previously unselected package libpsl5:amd64.
Preparing to unpack .../16-libpsl5_0.21.2-1_amd64.deb ...
Unpacking libpsl5:amd64 (0.21.2-1) ...
Selecting previously unselected package librtmp1:amd64.
Preparing to unpack .../17-librtmp1_2.4+20151223.gitfa8646d.1-2+b2_amd64.deb ...
Unpacking librtmp1:amd64 (2.4+20151223.gitfa8646d.1-2+b2) ...
Selecting previously unselected package libssh2-1:amd64.
Preparing to unpack .../18-libssh2-1_1.10.0-3+b1_amd64.deb ...
Unpacking libssh2-1:amd64 (1.10.0-3+b1) ...
Selecting previously unselected package libcurl3-gnutls:amd64.
Preparing to unpack .../19-libcurl3-gnutls_7.88.1-10+deb12u15_amd64.deb ...
Unpacking libcurl3-gnutls:amd64 (7.88.1-10+deb12u15) ...
Selecting previously unselected package libexpat1:amd64.
Preparing to unpack .../20-libexpat1_2.5.0-1+deb12u2_amd64.deb ...
Unpacking libexpat1:amd64 (2.5.0-1+deb12u2) ...
Selecting previously unselected package liberror-perl.
Preparing to unpack .../21-liberror-perl_0.17029-2_all.deb ...
Unpacking liberror-perl (0.17029-2) ...
Selecting previously unselected package git-man.
Preparing to unpack .../22-git-man_1%3a2.39.5-0+deb12u3_all.deb ...
Unpacking git-man (1:2.39.5-0+deb12u3) ...
Selecting previously unselected package git.
Preparing to unpack .../23-git_1%3a2.39.5-0+deb12u3_amd64.deb ...
Unpacking git (1:2.39.5-0+deb12u3) ...
Selecting previously unselected package libldap-common.
Preparing to unpack .../24-libldap-common_2.5.13+dfsg-5_all.deb ...
Unpacking libldap-common (2.5.13+dfsg-5) ...
Selecting previously unselected package libsasl2-modules:amd64.
Preparing to unpack .../25-libsasl2-modules_2.1.28+dfsg-10_amd64.deb ...
Unpacking libsasl2-modules:amd64 (2.1.28+dfsg-10) ...
Selecting previously unselected package libxau6:amd64.
Preparing to unpack .../26-libxau6_1%3a1.0.9-1_amd64.deb ...
Unpacking libxau6:amd64 (1:1.0.9-1) ...
Selecting previously unselected package libxdmcp6:amd64.
Preparing to unpack .../27-libxdmcp6_1%3a1.1.2-3_amd64.deb ...
Unpacking libxdmcp6:amd64 (1:1.1.2-3) ...
Selecting previously unselected package libxcb1:amd64.
Preparing to unpack .../28-libxcb1_1.15-1_amd64.deb ...
Unpacking libxcb1:amd64 (1.15-1) ...
Selecting previously unselected package libx11-data.
Preparing to unpack .../29-libx11-data_2%3a1.8.4-2+deb12u2_all.deb ...
Unpacking libx11-data (2:1.8.4-2+deb12u2) ...
Selecting previously unselected package libx11-6:amd64.
Preparing to unpack .../30-libx11-6_2%3a1.8.4-2+deb12u2_amd64.deb ...
Unpacking libx11-6:amd64 (2:1.8.4-2+deb12u2) ...
Selecting previously unselected package libxext6:amd64.
Preparing to unpack .../31-libxext6_2%3a1.3.4-1+b1_amd64.deb ...
Unpacking libxext6:amd64 (2:1.3.4-1+b1) ...
Selecting previously unselected package libxmuu1:amd64.
Preparing to unpack .../32-libxmuu1_2%3a1.1.3-3_amd64.deb ...
Unpacking libxmuu1:amd64 (2:1.1.3-3) ...
Preparing to unpack .../33-openssl_3.0.20-1~deb12u2_amd64.deb ...
Unpacking openssl (3.0.20-1~deb12u2) over (3.0.18-1~deb12u2) ...
Selecting previously unselected package patch.
Preparing to unpack .../34-patch_2.7.6-7_amd64.deb ...
Unpacking patch (2.7.6-7) ...
Selecting previously unselected package publicsuffix.
Preparing to unpack .../35-publicsuffix_20230209.2326-1_all.deb ...
Unpacking publicsuffix (20230209.2326-1) ...
Selecting previously unselected package xauth.
Preparing to unpack .../36-xauth_1%3a1.1.2-1_amd64.deb ...
Unpacking xauth (1:1.1.2-1) ...
Setting up libexpat1:amd64 (2.5.0-1+deb12u2) ...
Setting up libxau6:amd64 (1:1.0.9-1) ...
Setting up libpsl5:amd64 (0.21.2-1) ...
Setting up libcbor0.8:amd64 (0.8.0-2+b1) ...
Setting up libbrotli1:amd64 (1.0.9-2+b6) ...
Setting up libssl3:amd64 (3.0.20-1~deb12u2) ...
Setting up libnghttp2-14:amd64 (1.52.0-1+deb12u3) ...
Setting up less (590-2.1~deb12u2) ...
Setting up libldap-common (2.5.13+dfsg-5) ...
Setting up libsasl2-modules-db:amd64 (2.1.28+dfsg-10) ...
Setting up perl-modules-5.36 (5.36.0-7+deb12u3) ...
Setting up libx11-data (2:1.8.4-2+deb12u2) ...
Setting up librtmp1:amd64 (2.4+20151223.gitfa8646d.1-2+b2) ...
Setting up patch (2.7.6-7) ...
Setting up libgdbm-compat4:amd64 (1.23-3) ...
Setting up libsasl2-2:amd64 (2.1.28+dfsg-10) ...
Setting up git-man (1:2.39.5-0+deb12u3) ...
Setting up libssh2-1:amd64 (1.10.0-3+b1) ...
Setting up libfido2-1:amd64 (1.12.0-2+b1) ...
Setting up openssl (3.0.20-1~deb12u2) ...
Setting up libbsd0:amd64 (0.11.7-2) ...
Setting up publicsuffix (20230209.2326-1) ...
Setting up libperl5.36:amd64 (5.36.0-7+deb12u3) ...
Setting up libxdmcp6:amd64 (1:1.1.2-3) ...
Setting up libxcb1:amd64 (1.15-1) ...
Setting up libedit2:amd64 (3.1-20221030-2) ...
Setting up libsasl2-modules:amd64 (2.1.28+dfsg-10) ...
Setting up libldap-2.5-0:amd64 (2.5.13+dfsg-5) ...
Setting up perl (5.36.0-7+deb12u3) ...
Setting up libx11-6:amd64 (2:1.8.4-2+deb12u2) ...
Setting up libxmuu1:amd64 (2:1.1.3-3) ...
Setting up openssh-client (1:9.2p1-2+deb12u10) ...
Setting up libxext6:amd64 (2:1.3.4-1+b1) ...
Setting up libcurl3-gnutls:amd64 (7.88.1-10+deb12u15) ...
Setting up liberror-perl (0.17029-2) ...
Setting up git (1:2.39.5-0+deb12u3) ...
Setting up xauth (1:1.1.2-1) ...
Processing triggers for libc-bin (2.36-9+deb12u13) ...
Cloning into 'repo'...
Using CPython 3.12.12 interpreter at: /usr/local/bin/python3
Creating virtual environment at: .venv
Downloading jedi (4.7MiB)
Downloading kiwisolver (1.4MiB)
Downloading sympy (6.0MiB)
Downloading pygments (1.2MiB)
Downloading pdfminer-six (5.4MiB)
Downloading cryptography (4.5MiB)
Downloading pypdfium2 (3.5MiB)
Downloading fonttools (4.8MiB)
Downloading pillow (6.6MiB)
Downloading scipy (33.5MiB)
Downloading matplotlib (8.3MiB)
Downloading marimo (32.3MiB)
Downloading loro (3.3MiB)
Downloading numpy (15.9MiB)
 Downloaded kiwisolver
 Downloaded loro
 Downloaded pygments
 Downloaded pypdfium2
 Downloaded fonttools
 Downloaded cryptography
 Downloaded pdfminer-six
 Downloaded pillow
 Downloaded matplotlib
 Downloaded numpy
 Downloaded sympy
 Downloaded scipy
 Downloaded marimo
 Downloaded jedi
Prepared 44 packages in 4.76s
Installed 44 packages in 309ms
 + anyio==4.14.2
 + cffi==2.1.0
 + charset-normalizer==3.4.9
 + click==8.4.2
 + contourpy==1.3.3
 + cryptography==49.0.0
 + cycler==0.12.1
 + docutils==0.23
 + fonttools==4.63.0
 + h11==0.16.0
 + idna==3.18
 + itsdangerous==2.2.0
 + jedi==0.20.0
 + kiwisolver==1.5.0
 + loro==1.13.2
 + marimo==0.15.5
 + markdown==3.10.2
 + matplotlib==3.10.5
 + mpmath==1.3.0
 + msgspec==0.21.1
 + narwhals==2.24.0
 + numpy==2.3.2
 + packaging==26.2
 + parso==0.8.7
 + pdfminer-six==20250506
 + pdfplumber==0.11.7
 + pillow==12.3.0
 + psutil==7.2.2
 + pycparser==3.0
 + pygments==2.20.0
 + pymdown-extensions==10.21.3
 + pyparsing==3.3.2
 + pypdf==5.9.0
 + pypdfium2==5.12.1
 + python-dateutil==2.9.0.post0
 + pyyaml==6.0.3
 + scipy==1.16.1
 + six==1.17.0
 + starlette==1.3.1
 + sympy==1.14.0
 + tomlkit==0.15.1
 + typing-extensions==4.16.0
 + uvicorn==0.52.0
 + websockets==16.1.1
=== REPRODUCTION SUMMARY ===
{
  "checks": {
    "baseline_metadata_sha256": true,
    "historical_score_exact": true,
    "historical_verdict_shape": true,
    "judged_revision_exact": true,
    "metadata_json_valid": true,
    "protected_space_file_count_is_13": true,
    "verdict_filter_uses_space_id": true
  },
  "claims": {
    "claim_1": {
      "negative_control": {
        "certificate": "negative_control.json",
        "exact_rational_audit": {
          "checked_distributions": 7371,
          "checked_rankings": 162000,
          "first_failure": {
            "candidate_auc": "5/12",
            "maximum_auc": "7/12",
            "p_minus_weights": [
              1,
              2
            ],
            "p_plus_weights": [
              1,
              1
            ],
            "support_size": 2
          },
          "passed": false,
          "score_order": "descending_likelihood_ratio"
        },
        "failure_reason": "reversed likelihood-ratio ordering is not AUC-optimal",
        "status": "FAILED",
        "structural_checks": {
          "claim_id": true,
          "recognized_score_order": true,
          "schema": true
        },
        "symbolic_checks": {
          "kl_equality_reconstructs_positive_density": true,
          "pairwise_exchange_factorization": true,
          "positive_temperature_preserves_log_order": true
        }
      },
      "negative_control_exit": 1,
      "positive_checker": {
        "certificate": "proof_certificate.json",
        "exact_rational_audit": {
          "checked_distributions": 7371,
          "checked_rankings": 162000,
          "first_failure": null,
          "passed": true,
          "score_order": "ascending_likelihood_ratio"
        },
        "status": "VERIFIED",
        "structural_checks": {
          "claim_id": true,
          "recognized_score_order": true,
          "schema": true
        },
        "symbolic_checks": {
          "kl_equality_reconstructs_positive_density": true,
          "pairwise_exchange_factorization": true,
          "positive_temperature_preserves_log_order": true
        }
      },
      "positive_checker_exit": 0,
      "status": "VERIFIED"
    },
    "claim_2": {
      "negative_control": {
        "certificate": "negative_control.json",
        "failure_reason": "the calibration coefficient was changed from 2 to 1",
        "scientific_checks": {
          "claim": 2,
          "independent_finite_audit": {
            "distribution_triples": 4672,
            "minimum_bound_margin": 0.0,
            "passed": true,
            "role": "finite stress audit; the symbolic certificate carries the universal result"
          },
          "status": "FAILED",
          "symbolic_checks": {
            "pinsker_coefficient_is_exact": false,
            "positive_temperature_assumed": true,
            "proof_chain_is_non_circular": true,
            "rearrangement_identity": true
          }
        },
        "status": "FAILED",
        "structural_checks": {
          "positive_mode": false,
          "schema": true,
          "source_sha256": true
        }
      },
      "negative_control_exit": 1,
      "positive_checker": {
        "certificate": "proof_certificate.json",
        "scientific_checks": {
          "claim": 2,
          "independent_finite_audit": {
            "distribution_triples": 4672,
            "minimum_bound_margin": 0.0,
            "passed": true,
            "role": "finite stress audit; the symbolic certificate carries the universal result"
          },
          "status": "VERIFIED",
          "symbolic_checks": {
            "pinsker_coefficient_is_exact": true,
            "positive_temperature_assumed": true,
            "proof_chain_is_non_circular": true,
            "rearrangement_identity": true
          }
        },
        "status": "VERIFIED",
        "structural_checks": {
          "positive_mode": true,
          "schema": true,
          "source_sha256": true
        }
      },
      "positive_checker_exit": 0,
      "status": "VERIFIED"
    },
    "claim_3": {
      "negative_control": {
        "certificate": "negative_control.json",
        "failure_reason": "triangle inequality was replaced by equality and logarithms were erased",
        "scientific_checks": {
          "checks": {
            "inner_exact_polynomial_rate": true,
            "log_factor_not_erased": false,
            "outer_tilde_rate": true,
            "probability_quantifier_preserved": true,
            "triangle_combination": false,
            "uniform_quantifier_preserved": true
          },
          "claim": 3,
          "status": "FAILED"
        },
        "status": "FAILED",
        "structural_checks": {
          "positive_mode": false,
          "schema": true,
          "source_sha256": true
        }
      },
      "negative_control_exit": 1,
      "positive_checker": {
        "certificate": "proof_certificate.json",
        "scientific_checks": {
          "checks": {
            "inner_exact_polynomial_rate": true,
            "log_factor_not_erased": true,
            "outer_tilde_rate": true,
            "probability_quantifier_preserved": true,
            "triangle_combination": true,
            "uniform_quantifier_preserved": true
          },
          "claim": 3,
          "status": "VERIFIED"
        },
        "status": "VERIFIED",
        "structural_checks": {
          "positive_mode": true,
          "schema": true,
          "source_sha256": true
        }
      },
      "positive_checker_exit": 0,
      "status": "VERIFIED"
    },
    "claim_4": {
      "negative_control": {
        "certificate": "negative_control.json",
        "failure_reason": "the shared-negative assumption and SSCRL inner rate were replaced",
        "scientific_checks": {
          "checks": {
            "inner_tilde_rate": true,
            "log_factor_not_erased": false,
            "outer_tilde_rate": true,
            "probability_quantifier_preserved": true,
            "shared_negative_sampling_preserved": false,
            "uniform_quantifier_preserved": true
          },
          "claim": 4,
          "status": "FAILED"
        },
        "status": "FAILED",
        "structural_checks": {
          "positive_mode": false,
          "schema": true,
          "source_sha256": true
        }
      },
      "negative_control_exit": 1,
      "positive_checker": {
        "certificate": "proof_certificate.json",
        "scientific_checks": {
          "checks": {
            "inner_tilde_rate": true,
            "log_factor_not_erased": true,
            "outer_tilde_rate": true,
            "probability_quantifier_preserved": true,
            "shared_negative_sampling_preserved": true,
            "uniform_quantifier_preserved": true
          },
          "claim": 4,
          "status": "VERIFIED"
        },
        "status": "VERIFIED",
        "structural_checks": {
          "positive_mode": true,
          "schema": true,
          "source_sha256": true
        }
      },
      "positive_checker_exit": 0,
      "status": "VERIFIED"
    },
    "claim_5": {
      "negative_control": {
        "certificate": "negative_control.json",
        "failure_reason": "the triangle-inequality decomposition was asserted as additive equality",
        "scientific_checks": {
          "checks": {
            "balance_points": true,
            "decomposition_is_inequality": false,
            "equality_negative_control": true,
            "log_inequality_certificate": true,
            "prior_bound_scope": false,
            "scrl_inner_bound_strictly_decreases": true,
            "sscrl_log_term_derivative_negative": true,
            "triangle_inequality": true
          },
          "claim": 5,
          "status": "FAILED"
        },
        "status": "FAILED",
        "structural_checks": {
          "positive_mode": false,
          "schema": true,
          "source_sha256": true
        }
      },
      "negative_control_exit": 1,
      "positive_checker": {
        "certificate": "proof_certificate.json",
        "scientific_checks": {
          "checks": {
            "balance_points": true,
            "decomposition_is_inequality": true,
            "equality_negative_control": true,
            "log_inequality_certificate": true,
            "prior_bound_scope": true,
            "scrl_inner_bound_strictly_decreases": true,
            "sscrl_log_term_derivative_negative": true,
            "triangle_inequality": true
          },
          "claim": 5,
          "status": "VERIFIED"
        },
        "status": "VERIFIED",
        "structural_checks": {
          "positive_mode": true,
          "schema": true,
          "source_sha256": true
        }
      },
      "positive_checker_exit": 0,
      "status": "VERIFIED"
    },
    "claim_6_falsification_route": {
      "negative_control": {
        "assumption_audit": {
          "all_required_assumptions_established": true,
          "negative_positive_independence": true,
          "shared_negatives": true
        },
        "checks": {
          "no_valid_falsification": false,
          "positive_mode": false,
          "schema": true,
          "source_hash": true
        },
        "conclusion": "An assumption-satisfying injected contradiction was detected.",
        "critical_fit": {
          "coefficient": 0.3999999999999865,
          "exponent_with_free_coefficient": 1.000000000000002,
          "scaling_violation": false
        },
        "plateau_ranges": {
          "Flickr/10M": 1.4200000000000017,
          "Flickr/14M": 1.2899999999999991,
          "Flickr/6M": 0.6600000000000001,
          "ImageNet/10M": 0.1599999999999966,
          "ImageNet/14M": 2.0,
          "ImageNet/6M": 0.3100000000000023,
          "MSCOCO/10M": 0.2699999999999996,
          "MSCOCO/14M": 1.0700000000000003,
          "MSCOCO/6M": 1.42
        },
        "plateau_violations": [
          "ImageNet/14M"
        ],
        "precritical_gains": {
          "Flickr/10M": {
            "gain_10_to_40": 16.99,
            "gain_1_to_10": 9.35
          },
          "Flickr/14M": {
            "gain_10_to_40": 18.550000000000004,
            "gain_1_to_10": 13.319999999999999
          },
          "Flickr/6M": {
            "gain_10_to_40": 12.219999999999999,
            "gain_1_to_10": 5.6899999999999995
          },
          "ImageNet/10M": {
            "gain_10_to_40": 20.03,
            "gain_1_to_10": 15.609999999999998
          },
          "ImageNet/14M": {
            "gain_10_to_40": -11.7,
            "gain_1_to_10": 19.63
          },
          "ImageNet/6M": {
            "gain_10_to_40": 19.68,
            "gain_1_to_10": 7.539999999999999
          },
          "MSCOCO/10M": {
            "gain_10_to_40": 10.799999999999999,
            "gain_1_to_10": 6.49
          },
          "MSCOCO/14M": {
            "gain_10_to_40": 10.71,
            "gain_1_to_10": 9.17
          },
          "MSCOCO/6M": {
            "gain_10_to_40": 7.59,
            "gain_1_to_10": 3.1599999999999997
          }
        },
        "precritical_violations": [
          "ImageNet/14M"
        ],
        "small_postcritical_declines": {
          "ImageNet/10M": [
            -0.0899999999999963
          ],
          "ImageNet/14M": [
            -1.0,
            -1.0
          ]
        },
        "status": "VALID_FALSIFICATION"
      },
      "negative_control_exit": 1,
      "positive_checker": {
        "assumption_audit": {
          "all_required_assumptions_established": false,
          "negative_positive_independence": false,
          "shared_negatives": true
        },
        "checks": {
          "no_valid_falsification": true,
          "positive_mode": true,
          "schema": true,
          "source_hash": true
        },
        "conclusion": "No assumption-satisfying contradiction is established; missing independence and uncertainty cannot be converted into falsification.",
        "critical_fit": {
          "coefficient": 0.3999999999999865,
          "exponent_with_free_coefficient": 1.000000000000002,
          "scaling_violation": false
        },
        "plateau_ranges": {
          "Flickr/10M": 1.4200000000000017,
          "Flickr/14M": 1.2899999999999991,
          "Flickr/6M": 0.6600000000000001,
          "ImageNet/10M": 0.1599999999999966,
          "ImageNet/14M": 0.4000000000000057,
          "ImageNet/6M": 0.3100000000000023,
          "MSCOCO/10M": 0.2699999999999996,
          "MSCOCO/14M": 1.0700000000000003,
          "MSCOCO/6M": 1.42
        },
        "plateau_violations": [],
        "precritical_gains": {
          "Flickr/10M": {
            "gain_10_to_40": 16.99,
            "gain_1_to_10": 9.35
          },
          "Flickr/14M": {
            "gain_10_to_40": 18.550000000000004,
            "gain_1_to_10": 13.319999999999999
          },
          "Flickr/6M": {
            "gain_10_to_40": 12.219999999999999,
            "gain_1_to_10": 5.6899999999999995
          },
          "ImageNet/10M": {
            "gain_10_to_40": 20.03,
            "gain_1_to_10": 15.609999999999998
          },
          "ImageNet/14M": {
            "gain_10_to_40": 19.099999999999998,
            "gain_1_to_10": 19.63
          },
          "ImageNet/6M": {
            "gain_10_to_40": 19.68,
            "gain_1_to_10": 7.539999999999999
          },
          "MSCOCO/10M": {
            "gain_10_to_40": 10.799999999999999,
            "gain_1_to_10": 6.49
          },
          "MSCOCO/14M": {
            "gain_10_to_40": 10.71,
            "gain_1_to_10": 9.17
          },
          "MSCOCO/6M": {
            "gain_10_to_40": 7.59,
            "gain_1_to_10": 3.1599999999999997
          }
        },
        "precritical_violations": [],
        "small_postcritical_declines": {
          "ImageNet/10M": [
            -0.0899999999999963
          ],
          "ImageNet/14M": [
            -0.25
          ]
        },
        "status": "NO_VALID_FALSIFICATION"
      },
      "positive_checker_exit": 0,
      "route_completed": true,
      "status": "BLOCKED"
    },
    "claim_6_raster_route": {
      "claim_verdict": "BLOCKED",
      "negative_control": {
        "checks": {
          "all_45_points_found": true,
          "pixel_agreement": false,
          "positive_mode": false,
          "schema": true,
          "source_hash": true
        },
        "diagnostics": {
          "allowed_error": 0.1,
          "maximum_absolute_error": 0.7693780000000001,
          "median_absolute_error": 0.024478,
          "point_count": 45
        },
        "limitation": "independent pixel digitization of author figures, not independent CLIP training",
        "observed": {
          "Flickr mean recall@1": {
            "10M": [
              1.670534,
              10.510441,
              27.737819,
              27.981439,
              28.990719
            ],
            "14M": [
              2.157773,
              14.651972,
              33.341067,
              33.932715,
              34.62877
            ],
            "6M": [
              0.974478,
              6.612529,
              18.863109,
              19.280742,
              19.524362
            ]
          },
          "ImageNet top-1 accuracy": {
            "10M": [
              2.093264,
              16.891192,
              37.056995,
              36.994819,
              37.160622
            ],
            "14M": [
              2.839378,
              21.409326,
              40.642487,
              41.181347,
              40.932642
            ],
            "6M": [
              1.098446,
              8.601036,
              28.248705,
              28.373057,
              28.580311
            ]
          },
          "MSCOCO mean recall@1": {
            "10M": [
              0.871003,
              7.111356,
              17.938258,
              18.224917,
              18.246968
            ],
            "14M": [
              1.356119,
              9.801544,
              20.595369,
              21.223815,
              21.68688
            ],
            "6M": [
              0.363837,
              3.495039,
              10.992282,
              12.227122,
              12.513782
            ]
          }
        },
        "source_sha256": "2222148e70964b5114907827b20fe95c3f087c54db39ade9d89a98e15c00e764",
        "status": "FAILED"
      },
      "negative_control_exit": 1,
      "positive_checker": {
        "checks": {
          "all_45_points_found": true,
          "pixel_agreement": true,
          "positive_mode": true,
          "schema": true,
          "source_hash": true
        },
        "diagnostics": {
          "allowed_error": 0.8,
          "maximum_absolute_error": 0.7693780000000001,
          "median_absolute_error": 0.024478,
          "point_count": 45
        },
        "limitation": "independent pixel digitization of author figures, not independent CLIP training",
        "observed": {
          "Flickr mean recall@1": {
            "10M": [
              1.670534,
              10.510441,
              27.737819,
              27.981439,
              28.990719
            ],
            "14M": [
              2.157773,
              14.651972,
              33.341067,
              33.932715,
              34.62877
            ],
            "6M": [
              0.974478,
              6.612529,
              18.863109,
              19.280742,
              19.524362
            ]
          },
          "ImageNet top-1 accuracy": {
            "10M": [
              2.093264,
              16.891192,
              37.056995,
              36.994819,
              37.160622
            ],
            "14M": [
              2.839378,
              21.409326,
              40.642487,
              41.181347,
              40.932642
            ],
            "6M": [
              1.098446,
              8.601036,
              28.248705,
              28.373057,
              28.580311
            ]
          },
          "MSCOCO mean recall@1": {
            "10M": [
              0.871003,
              7.111356,
              17.938258,
              18.224917,
              18.246968
            ],
            "14M": [
              1.356119,
              9.801544,
              20.595369,
              21.223815,
              21.68688
            ],
            "6M": [
              0.363837,
              3.495039,
              10.992282,
              12.227122,
              12.513782
            ]
          }
        },
        "source_sha256": "2222148e70964b5114907827b20fe95c3f087c54db39ade9d89a98e15c00e764",
        "status": "CORROBORATED_RASTER"
      },
      "positive_checker_exit": 0,
      "status": "CORROBORATED_RASTER"
    },
    "claim_6_release_route": {
      "claim_verifier": {
        "claim": 6,
        "missing_release_items": [
          "paper_specific_code_url",
          "paper_specific_config_url",
          "raw_section5_table_url",
          "checkpoint_urls",
          "seed_record",
          "uncertainty_record",
          "dfn_split_identifiers",
          "negative_subset_identifiers"
        ],
        "reason": "the exact full-scale experiment cannot be independently executed from released materials",
        "status": "BLOCKED"
      },
      "claim_verifier_exit": 1,
      "negative_control": {
        "checks": {
          "configuration_count": true,
          "minimum_sample_count": true,
          "paper_source_hash": true,
          "positive_mode": false,
          "release_inventory_consistent": false,
          "schema": true
        },
        "exact_workload": {
          "anchor_sizes": 3,
          "minimum_models_without_repeats": 15,
          "minimum_processed_samples_without_repeats": 4800000000,
          "negative_ratios": 5,
          "processed_samples_per_model": 320000000,
          "uncertainty_runs_reported": 0
        },
        "generic_fastclip_code_is_not_paper_configuration": true,
        "missing_release_items": [
          "dfn_split_identifiers",
          "negative_subset_identifiers",
          "paper_specific_code_url",
          "paper_specific_config_url",
          "raw_section5_table_url",
          "seed_record",
          "uncertainty_record"
        ],
        "reason": "CPU-only independent training cannot be specified reproducibly: paper-specific configuration, data identities, raw runs, checkpoints, seeds, and uncertainty are not released.",
        "status": "FAILED"
      },
      "negative_control_exit": 1,
      "release_audit": {
        "checks": {
          "configuration_count": true,
          "minimum_sample_count": true,
          "paper_source_hash": true,
          "positive_mode": true,
          "release_inventory_consistent": true,
          "schema": true
        },
        "exact_workload": {
          "anchor_sizes": 3,
          "minimum_models_without_repeats": 15,
          "minimum_processed_samples_without_repeats": 4800000000,
          "negative_ratios": 5,
          "processed_samples_per_model": 320000000,
          "uncertainty_runs_reported": 0
        },
        "generic_fastclip_code_is_not_paper_configuration": true,
        "missing_release_items": [
          "checkpoint_urls",
          "dfn_split_identifiers",
          "negative_subset_identifiers",
          "paper_specific_code_url",
          "paper_specific_config_url",
          "raw_section5_table_url",
          "seed_record",
          "uncertainty_record"
        ],
        "reason": "CPU-only independent training cannot be specified reproducibly: paper-specific configuration, data identities, raw runs, checkpoints, seeds, and uncertainty are not released.",
        "status": "BLOCKED"
      },
      "release_audit_exit": 0,
      "route_completed": true,
      "status": "BLOCKED"
    },
    "claim_6_vector_route": {
      "claim_verdict": "BLOCKED",
      "negative_control": {
        "checks": {
          "all_10_to_40_gains_exceed_threshold": true,
          "all_40_to_100_ranges_below_threshold": true,
          "critical_ratio": true,
          "curve_count": false,
          "forced_fit_explains_reported_0_94": true,
          "free_intercept_exponent_is_one": true,
          "positive_mode": false,
          "schema": true,
          "source_hash": true
        },
        "critical_scaling": {
          "m": [
            0.224,
            0.392,
            0.56
          ],
          "m_over_n": [
            0.4,
            0.4,
            0.4
          ],
          "n": [
            0.56,
            0.98,
            1.4
          ],
          "power_fit_forced_unit_coefficient": {
            "exponent": 0.942872
          },
          "power_fit_with_free_intercept": {
            "exponent": 1.0,
            "log_coefficient": -0.916291
          }
        },
        "diagnostics": {
          "gains_10_to_40": [
            19.099999999999998,
            20.03,
            19.68,
            10.71,
            10.799999999999999,
            7.59,
            18.550000000000004,
            16.99,
            12.219999999999999
          ],
          "maximum_plateau_range": 1.4200000000000017,
          "minimum_gain": 7.59,
          "plateau_ranges_40_to_100": [
            0.4000000000000057,
            0.1599999999999966,
            0.3100000000000023,
            1.0700000000000003,
            0.2699999999999996,
            1.42,
            1.2899999999999991,
            1.4200000000000017,
            0.6600000000000001
          ]
        },
        "limitation": "released author figures only; no independent training, raw measurements, seeds, or uncertainty",
        "performance": {
          "Flickr mean recall@1": {
            "10M": [
              1.22,
              10.57,
              27.56,
              27.99,
              28.98
            ],
            "14M": [
              1.47,
              14.79,
              33.34,
              33.91,
              34.63
            ],
            "6M": [
              0.95,
              6.64,
              18.86,
              19.28,
              19.52
            ]
          },
          "ImageNet top-1 accuracy": {
            "10M": [
              1.47,
              17.08,
              37.11,
              37.02,
              37.18
            ],
            "14M": [
              2.07,
              21.7,
              40.8,
              41.2,
              40.95
            ],
            "6M": [
              1.07,
              8.61,
              28.29,
              28.38,
              28.6
            ]
          },
          "MSCOCO mean recall@1": {
            "10M": [
              0.68,
              7.17,
              17.97,
              18.22,
              18.24
            ],
            "14M": [
              0.74,
              9.91,
              20.62,
              21.23,
              21.69
            ],
            "6M": [
              0.35,
              3.51,
              11.1,
              12.22,
              12.52
            ]
          }
        },
        "source": {
          "retrieval_date": "2026-07-29",
          "sha256": "2222148e70964b5114907827b20fe95c3f087c54db39ade9d89a98e15c00e764",
          "url": "https://export.arxiv.org/e-print/2605.02116v3"
        },
        "status": "FAILED"
      },
      "negative_control_exit": 1,
      "positive_checker": {
        "checks": {
          "all_10_to_40_gains_exceed_threshold": true,
          "all_40_to_100_ranges_below_threshold": true,
          "critical_ratio": true,
          "curve_count": true,
          "forced_fit_explains_reported_0_94": true,
          "free_intercept_exponent_is_one": true,
          "positive_mode": true,
          "schema": true,
          "source_hash": true
        },
        "critical_scaling": {
          "m": [
            0.224,
            0.392,
            0.56
          ],
          "m_over_n": [
            0.4,
            0.4,
            0.4
          ],
          "n": [
            0.56,
            0.98,
            1.4
          ],
          "power_fit_forced_unit_coefficient": {
            "exponent": 0.942872
          },
          "power_fit_with_free_intercept": {
            "exponent": 1.0,
            "log_coefficient": -0.916291
          }
        },
        "diagnostics": {
          "gains_10_to_40": [
            19.099999999999998,
            20.03,
            19.68,
            10.71,
            10.799999999999999,
            7.59,
            18.550000000000004,
            16.99,
            12.219999999999999
          ],
          "maximum_plateau_range": 1.4200000000000017,
          "minimum_gain": 7.59,
          "plateau_ranges_40_to_100": [
            0.4000000000000057,
            0.1599999999999966,
            0.3100000000000023,
            1.0700000000000003,
            0.2699999999999996,
            1.42,
            1.2899999999999991,
            1.4200000000000017,
            0.6600000000000001
          ]
        },
        "limitation": "released author figures only; no independent training, raw measurements, seeds, or uncertainty",
        "performance": {
          "Flickr mean recall@1": {
            "10M": [
              1.22,
              10.57,
              27.56,
              27.99,
              28.98
            ],
            "14M": [
              1.47,
              14.79,
              33.34,
              33.91,
              34.63
            ],
            "6M": [
              0.95,
              6.64,
              18.86,
              19.28,
              19.52
            ]
          },
          "ImageNet top-1 accuracy": {
            "10M": [
              1.47,
              17.08,
              37.11,
              37.02,
              37.18
            ],
            "14M": [
              2.07,
              21.7,
              40.8,
              41.2,
              40.95
            ],
            "6M": [
              1.07,
              8.61,
              28.29,
              28.38,
              28.6
            ]
          },
          "MSCOCO mean recall@1": {
            "10M": [
              0.68,
              7.17,
              17.97,
              18.22,
              18.24
            ],
            "14M": [
              0.74,
              9.91,
              20.62,
              21.23,
              21.69
            ],
            "6M": [
              0.35,
              3.51,
              11.1,
              12.22,
              12.52
            ]
          }
        },
        "source": {
          "retrieval_date": "2026-07-29",
          "sha256": "2222148e70964b5114907827b20fe95c3f087c54db39ade9d89a98e15c00e764",
          "url": "https://export.arxiv.org/e-print/2605.02116v3"
        },
        "status": "CORROBORATED_AUTHOR_FIGURES"
      },
      "positive_checker_exit": 0,
      "status": "CORROBORATED_AUTHOR_FIGURES"
    }
  },
  "compute": {
    "actual_available_cpus": 64,
    "actual_logical_cpus": 64,
    "estimated_cores": 1,
    "platform": "Linux-6.12.90-120.164.amzn2023.x86_64-x86_64-with-glibc2.36",
    "runtime_seconds": 24.729709,
    "selected_flavor": "cpu-upgrade"
  },
  "historical_baseline_passed": true,
  "historical_live_score": "5/12",
  "mode": "cumulative_claim_verification",
  "provenance": {
    "git_sha": "aa5a6f11c751cb2c2428f0f2c85495565b06678e",
    "judged_space_revision": "302f93efc3f480fc58029255717998691d765314",
    "paper_html_sha256": "922ea3119121dfdc6e388c4e6bfa7eb931ceb0cf1b890dc996defcb36aea3154",
    "paper_source_sha256": "2222148e70964b5114907827b20fe95c3f087c54db39ade9d89a98e15c00e764",
    "verdict_dataset_sha256": "0e0ba800ca0a5f55a3ab81e418e51d57907fa03179c270270d7944e23a916c77"
  },
  "status": "VERIFIED"
}
Claims 1-5 verified; four-route Claim 6 investigation ends honestly BLOCKED.
